1. с административной панели нельзя найти записи со статусами - или +/-
2. нельзя открыть сслыку на записи со статусом - или +/-
3. размер листков записей на главнйо странице не изменяется автоматически по размеру
4.
5.
6.
7.
8.
9.- добавить систему входа с почты и тд
10. - нужно вместо того чтобы все добавлять в форму регистрации часть добавить к редактированию профиля!